(node:24708) DeprecationWarning: Calling client.query() when the client is already executing a query is deprecated and will be removed in pg@9.0. Use async/await or an external async flow control mechanism instead.
(Use `node --trace-deprecation ...` to show where the warning was created)
PayloadTooLargeError: request entity too large
    at readStream (C:\ERP Impresion\Codexv15\node_modules\raw-body\index.js:163:17)
    at getRawBody (C:\ERP Impresion\Codexv15\node_modules\raw-body\index.js:116:12)
    at read (C:\ERP Impresion\Codexv15\node_modules\body-parser\lib\read.js:79:3)
    at jsonParser (C:\ERP Impresion\Codexv15\node_modules\body-parser\lib\types\json.js:138:5)
    at Layer.handle [as handle_request] (C:\ERP Impresion\Codexv15\node_modules\express\lib\router\layer.js:95:5)
    at trim_prefix (C:\ERP Impresion\Codexv15\node_modules\express\lib\router\index.js:328:13)
    at C:\ERP Impresion\Codexv15\node_modules\express\lib\router\index.js:286:9
    at router.process_params (C:\ERP Impresion\Codexv15\node_modules\express\lib\router\index.js:346:12)
    at next (C:\ERP Impresion\Codexv15\node_modules\express\lib\router\index.js:280:10)
    at cors (C:\ERP Impresion\Codexv15\node_modules\cors\lib\index.js:188:7)
PayloadTooLargeError: request entity too large
    at readStream (C:\ERP Impresion\Codexv15\node_modules\raw-body\index.js:163:17)
    at getRawBody (C:\ERP Impresion\Codexv15\node_modules\raw-body\index.js:116:12)
    at read (C:\ERP Impresion\Codexv15\node_modules\body-parser\lib\read.js:79:3)
    at jsonParser (C:\ERP Impresion\Codexv15\node_modules\body-parser\lib\types\json.js:138:5)
    at Layer.handle [as handle_request] (C:\ERP Impresion\Codexv15\node_modules\express\lib\router\layer.js:95:5)
    at trim_prefix (C:\ERP Impresion\Codexv15\node_modules\express\lib\router\index.js:328:13)
    at C:\ERP Impresion\Codexv15\node_modules\express\lib\router\index.js:286:9
    at router.process_params (C:\ERP Impresion\Codexv15\node_modules\express\lib\router\index.js:346:12)
    at next (C:\ERP Impresion\Codexv15\node_modules\express\lib\router\index.js:280:10)
    at cors (C:\ERP Impresion\Codexv15\node_modules\cors\lib\index.js:188:7)
PayloadTooLargeError: request entity too large
    at readStream (C:\ERP Impresion\Codexv15\node_modules\raw-body\index.js:163:17)
    at getRawBody (C:\ERP Impresion\Codexv15\node_modules\raw-body\index.js:116:12)
    at read (C:\ERP Impresion\Codexv15\node_modules\body-parser\lib\read.js:79:3)
    at jsonParser (C:\ERP Impresion\Codexv15\node_modules\body-parser\lib\types\json.js:138:5)
    at Layer.handle [as handle_request] (C:\ERP Impresion\Codexv15\node_modules\express\lib\router\layer.js:95:5)
    at trim_prefix (C:\ERP Impresion\Codexv15\node_modules\express\lib\router\index.js:328:13)
    at C:\ERP Impresion\Codexv15\node_modules\express\lib\router\index.js:286:9
    at router.process_params (C:\ERP Impresion\Codexv15\node_modules\express\lib\router\index.js:346:12)
    at next (C:\ERP Impresion\Codexv15\node_modules\express\lib\router\index.js:280:10)
    at cors (C:\ERP Impresion\Codexv15\node_modules\cors\lib\index.js:188:7)
PayloadTooLargeError: request entity too large
    at readStream (C:\ERP Impresion\Codexv15\node_modules\raw-body\index.js:163:17)
    at getRawBody (C:\ERP Impresion\Codexv15\node_modules\raw-body\index.js:116:12)
    at read (C:\ERP Impresion\Codexv15\node_modules\body-parser\lib\read.js:79:3)
    at jsonParser (C:\ERP Impresion\Codexv15\node_modules\body-parser\lib\types\json.js:138:5)
    at Layer.handle [as handle_request] (C:\ERP Impresion\Codexv15\node_modules\express\lib\router\layer.js:95:5)
    at trim_prefix (C:\ERP Impresion\Codexv15\node_modules\express\lib\router\index.js:328:13)
    at C:\ERP Impresion\Codexv15\node_modules\express\lib\router\index.js:286:9
    at router.process_params (C:\ERP Impresion\Codexv15\node_modules\express\lib\router\index.js:346:12)
    at next (C:\ERP Impresion\Codexv15\node_modules\express\lib\router\index.js:280:10)
    at cors (C:\ERP Impresion\Codexv15\node_modules\cors\lib\index.js:188:7)
PayloadTooLargeError: request entity too large
    at readStream (C:\ERP Impresion\Codexv15\node_modules\raw-body\index.js:163:17)
    at getRawBody (C:\ERP Impresion\Codexv15\node_modules\raw-body\index.js:116:12)
    at read (C:\ERP Impresion\Codexv15\node_modules\body-parser\lib\read.js:79:3)
    at jsonParser (C:\ERP Impresion\Codexv15\node_modules\body-parser\lib\types\json.js:138:5)
    at Layer.handle [as handle_request] (C:\ERP Impresion\Codexv15\node_modules\express\lib\router\layer.js:95:5)
    at trim_prefix (C:\ERP Impresion\Codexv15\node_modules\express\lib\router\index.js:328:13)
    at C:\ERP Impresion\Codexv15\node_modules\express\lib\router\index.js:286:9
    at router.process_params (C:\ERP Impresion\Codexv15\node_modules\express\lib\router\index.js:346:12)
    at next (C:\ERP Impresion\Codexv15\node_modules\express\lib\router\index.js:280:10)
    at cors (C:\ERP Impresion\Codexv15\node_modules\cors\lib\index.js:188:7)
